{
  "properties": {
    "chronos": {
      "additionalProperties": false,
      "description": "Chronos Framework Configuration Properties",
      "properties": {
        "assets-path": {
          "description": "Set a local file system path to load assets from, instead of loading them from the packaged jar.",
          "type": "string"
        },
        "cassandra-consistency": {
          "description": "Consistency to use for Cassandra (default = ANY)",
          "type": "string"
        },
        "cassandra-contact-points": {
          "description": "Comma separated list of contact points for Cassandra",
          "type": "string"
        },
        "cassandra-keyspace": {
          "description": "Keyspace to use for Cassandra (default = metrics)",
          "type": "string"
        },
        "cassandra-port": {
          "default": 9042,
          "description": "Port for Cassandra (default = 9042)",
          "minimum": 0,
          "type": "integer"
        },
        "cassandra-table": {
          "description": "Table to use for Cassandra (default = chronos)",
          "type": "string"
        },
        "cassandra-ttl": {
          "default": 31536000,
          "description": "TTL for records written to Cassandra (default = 31536000)",
          "minimum": 0,
          "type": "integer"
        },
        "cluster-name": {
          "description": "The name of the cluster where Chronos is run",
          "type": "string"
        },
        "cpus": {
          "default": 1,
          "description": "CPU shares to allocate to each Chronos instance.",
          "minimum": 0,
          "type": "number"
        },
        "decline-offer-duration": {
          "default": 5000,
          "description": "The duration (milliseconds) for which to decline offers by default. (Default: Use Mesos default of 5 seconds).",
          "minimum": 0,
          "type": "integer"
        },
        "disable-after-failures": {
          "default": 0,
          "description": "Disables a job after this many failures have occurred (default = 0)",
          "minimum": 0,
          "type": "integer"
        },
        "failover-timeout": {
          "default": 604800,
          "description": "The failover timeout in seconds for Mesos (default = 604800)",
          "minimum": 0,
          "type": "integer"
        },
        "failure-retry": {
          "default": 60000,
          "description": "Number of ms between retries (default = 60000)",
          "minimum": 0,
          "type": "integer"
        },
        "framework-name": {
          "default": "chronos",
          "description": "The framework name (default = chronos)",
          "type": "string"
        },
        "graphite-group-prefix": {
          "description": "Group prefix for Graphite (default = '')",
          "type": "string"
        },
        "graphite-host-port": {
          "description": "Host and port (in the form `host:port`) for Graphite",
          "type": "string"
        },
        "graphite-reporting-interval": {
          "default": 60,
          "description": "Graphite reporting interval (seconds) (default = 60)",
          "minimum": 0,
          "type": "integer"
        },
        "hostname": {
          "default": "$HOST",
          "description": "The advertised hostname stored in ZooKeeper so another standby host can redirect to this elected leader (default = localhost)",
          "type": "string"
        },
        "http-credentials": {
          "description": "Credentials for accessing the http service. If empty, anyone can access the HTTP endpoint. A username:password pair is expected where the username must not contain ':'. ",
          "type": "string"
        },
        "http-realm": {
          "description": "The security realm (aka 'area') associated with the credentials (default = Mesosphere)",
          "type": "string"
        },
        "id": {
          "default": "/chronos",
          "description": "Unique identifier for the app consisting of a series of names separated by slashes.",
          "type": "string"
        },
        "instances": {
          "default": 1,
          "description": "Number of Chronos instances to run.",
          "minimum": 0,
          "type": "integer"
        },
        "leader-max-idle-time": {
          "description": "The look-ahead time for scheduling tasks in milliseconds (default = 5000)",
          "type": "string"
        },
        "mail-from": {
          "description": "Mail from field",
          "type": "string"
        },
        "mail-password": {
          "description": "Mail password (for auth)",
          "type": "string"
        },
        "mail-server": {
          "description": "Address of the mailserver in server:port format",
          "type": "string"
        },
        "mail-ssl": {
          "description": "Mail SSL",
          "type": "string"
        },
        "mail-user": {
          "description": "Mail user (for auth)",
          "type": "string"
        },
        "mem": {
          "default": 1024,
          "description": "Memory (MB) to allocate to each Chronos instance.",
          "minimum": 512,
          "type": "number"
        },
        "mesos-checkpoint": {
          "description": "Enable checkpointing in Mesos",
          "type": "string"
        },
        "mesos-role": {
          "description": "The Mesos role to run tasks under (default = *)",
          "type": "string"
        },
        "mesos-task-cpu": {
          "default": 0.1,
          "description": "Number of CPUs to request from Mesos for each task (default = 0.1)",
          "minimum": 0,
          "type": "number"
        },
        "mesos-task-disk": {
          "default": 256,
          "description": "Amount of disk capacity to request from Mesos for each task (MB) (default = 256.0)",
          "minimum": 0,
          "type": "number"
        },
        "mesos-task-mem": {
          "default": 128,
          "description": "Amount of memory to request from Mesos for each task (MB) (default = 128.0)",
          "minimum": 0,
          "type": "number"
        },
        "min-revive-offers-interval": {
          "default": 5000,
          "description": "Do not ask for all offers (also already seen ones) more often than this interval (ms). (default = 5000)",
          "minimum": 0,
          "type": "integer"
        },
        "raven-dsn": {
          "description": "Raven DSN for connecting to a raven or sentry event service",
          "type": "string"
        },
        "reconciliation-interval": {
          "default": 600,
          "description": "Reconciliation interval in seconds (default = 600)",
          "minimum": 0,
          "type": "integer"
        },
        "revive-offers-for-new-jobs": {
          "default": false,
          "description": "Whether to call reviveOffers for new or changed jobs. (default: do not use reviveOffers)",
          "type": "boolean"
        },
        "schedule-horizon": {
          "default": 60,
          "description": "The look-ahead time for scheduling tasks in seconds (default = 60)",
          "minimum": 0,
          "type": "integer"
        },
        "slack-channel": {
          "description": "The channel to post to in Slack",
          "type": "string"
        },
        "slack-token": {
          "description": "Token needed for posting to Slack",
          "type": "string"
        },
        "slack-url": {
          "description": "Webhook URL for posting to Slack",
          "type": "string"
        },
        "task-epsilon": {
          "default": 60,
          "description": "The default epsilon value for tasks, in seconds (default = 60)",
          "minimum": 0,
          "type": "integer"
        },
        "user": {
          "description": "The  user to run the processes under (default = root)",
          "type": "string"
        },
        "webui-url": {
          "description": "The http(s) url of the web ui, defaulting to the advertised hostname",
          "type": "string"
        },
        "zk-hosts": {
          "default": "master.mesos:2181",
          "description": "The list of ZooKeeper servers for storing state (default = mesos.master:2181)",
          "type": "string"
        },
        "zk-path": {
          "description": "Path in ZooKeeper for storing state (default = /state)",
          "type": "string"
        },
        "zk-timeout": {
          "default": 10000,
          "description": "The timeout for ZooKeeper in milliseconds (default = 10000)",
          "minimum": 0,
          "type": "integer"
        }
      },
      "required": [
        "cpus",
        "framework-name",
        "hostname",
        "id",
        "instances",
        "mem",
        "zk-hosts"
      ],
      "type": "object"
    },
    "mesos": {
      "description": "Mesos specific configuration properties",
      "properties": {
        "master": {
          "default": "zk://master.mesos:2181/mesos",
          "description": "The URL of the Mesos master. The format is a comma-delimited list of hosts like zk://host1:port,host2:port/mesos. If using ZooKeeper, pay particular attention to the leading zk:// and trailing /mesos! If not using ZooKeeper, standard host:port patterns, like localhost:5050 or 10.0.0.5:5050,10.0.0.6:5050, are also acceptable.",
          "type": "string"
        }
      },
      "required": [
        "master"
      ],
      "type": "object"
    }
  },
  "required": [
    "mesos",
    "chronos"
  ],
  "type": "object"
}
